# TileOPs Benchmark Report
Generated: 2026-08-05 01:31:47

## Environment

- **Torch version**: 2.8.0+metax3.7.1.3
- **CUDA version (torch)**: 11.6
- **GPU model**: MetaX C500
- **Driver version**: N/A

## MoeExpandToFusedFwdOp

### tileops

| total_tokens | top_k | hidden_size | num_expanded_tokens | dtype | latency_ms | tflops | bandwidth_tbs | timing |
| --- | --- | --- | --- | --- | --- | --- | --- | --- |
| 1 | 8 | 7168 | 16 | torch.bfloat16 | 0.0527 | 0.0000 | 0.0046 | cuda-events |
| 32 | 8 | 7168 | 256 | torch.bfloat16 | 0.0530 | 0.0000 | 0.0779 | cuda-events |
| 512 | 8 | 7168 | 4096 | torch.bfloat16 | 0.0615 | 0.0000 | 1.0749 | cuda-events |
| 4096 | 8 | 7168 | 32768 | torch.bfloat16 | 0.4238 | 0.0000 | 1.2477 | cuda-events |
| 1 | 8 | 3072 | 16 | torch.bfloat16 | 0.0336 | 0.0000 | 0.0031 | cuda-events |
| 32 | 8 | 3072 | 256 | torch.bfloat16 | 0.0337 | 0.0000 | 0.0525 | cuda-events |
| 512 | 8 | 3072 | 4096 | torch.bfloat16 | 0.0373 | 0.0000 | 0.7594 | cuda-events |
| 4096 | 8 | 3072 | 32768 | torch.bfloat16 | 0.2237 | 0.0000 | 1.0136 | cuda-events |

### torch-ref

| total_tokens | top_k | hidden_size | num_expanded_tokens | dtype | latency_ms | tflops | bandwidth_tbs | timing |
| --- | --- | --- | --- | --- | --- | --- | --- | --- |
| 1 | 8 | 7168 | 16 | torch.bfloat16 | 0.3521 | 0.0000 | 0.0007 | cuda-events |
| 32 | 8 | 7168 | 256 | torch.bfloat16 | 0.2727 | 0.0000 | 0.0151 | cuda-events |
| 512 | 8 | 7168 | 4096 | torch.bfloat16 | 0.8567 | 0.0000 | 0.0772 | cuda-events |
| 4096 | 8 | 7168 | 32768 | torch.bfloat16 | 4.9977 | 0.0000 | 0.1058 | cuda-events |
| 1 | 8 | 3072 | 16 | torch.bfloat16 | 0.2541 | 0.0000 | 0.0004 | cuda-events |
| 32 | 8 | 3072 | 256 | torch.bfloat16 | 0.2608 | 0.0000 | 0.0068 | cuda-events |
| 512 | 8 | 3072 | 4096 | torch.bfloat16 | 0.5151 | 0.0000 | 0.0550 | cuda-events |
| 4096 | 8 | 3072 | 32768 | torch.bfloat16 | 2.3132 | 0.0000 | 0.0980 | cuda-events |

## MoeExpandToFusedWithSFFwdOp

### tileops

| total_tokens | top_k | hidden_size | hidden_sf | num_expanded_tokens | num_per_channels | use_tma_aligned_col_major_sf | dtype | sf_dtype | latency_ms | tflops | bandwidth_tbs | timing |
| --- | --- | --- | --- | --- | --- | --- | --- | --- | --- | --- | --- | --- |
| 1 | 8 | 7168 | 56 | 16 | 128 | False | torch.float8_e4m3fn | torch.float32 | 0.0409 | 0.0000 | 0.0031 | cuda-events |
| 512 | 8 | 7168 | 56 | 4096 | 128 | False | torch.float8_e4m3fn | torch.float32 | 0.0472 | 0.0000 | 0.7229 | cuda-events |
| 1 | 8 | 7168 | 14 | 16 | 128 | True | torch.float8_e4m3fn | torch.int32 | 0.0499 | 0.0000 | 0.0025 | cuda-events |
| 512 | 8 | 7168 | 14 | 4096 | 128 | True | torch.float8_e4m3fn | torch.int32 | 0.0549 | 0.0000 | 0.6073 | cuda-events |
| 32 | 8 | 3072 | 24 | 256 | 128 | False | torch.float8_e4m3fn | torch.float32 | 0.0411 | 0.0000 | 0.0223 | cuda-events |
| 32 | 8 | 3072 | 6 | 256 | 128 | True | torch.float8_e4m3fn | torch.int32 | 0.0544 | 0.0000 | 0.0164 | cuda-events |

### torch-ref

| total_tokens | top_k | hidden_size | hidden_sf | num_expanded_tokens | num_per_channels | use_tma_aligned_col_major_sf | dtype | sf_dtype | latency_ms | tflops | bandwidth_tbs | timing |
| --- | --- | --- | --- | --- | --- | --- | --- | --- | --- | --- | --- | --- |
| 1 | 8 | 7168 | 56 | 16 | 128 | False | torch.float8_e4m3fn | torch.float32 | 0.5102 | 0.0000 | 0.0002 | cuda-events |
| 512 | 8 | 7168 | 56 | 4096 | 128 | False | torch.float8_e4m3fn | torch.float32 | 1.4544 | 0.0000 | 0.0234 | cuda-events |
| 1 | 8 | 7168 | 14 | 16 | 128 | True | torch.float8_e4m3fn | torch.int32 | 0.5166 | 0.0000 | 0.0002 | cuda-events |
| 512 | 8 | 7168 | 14 | 4096 | 128 | True | torch.float8_e4m3fn | torch.int32 | 1.4305 | 0.0000 | 0.0233 | cuda-events |
| 32 | 8 | 3072 | 24 | 256 | 128 | False | torch.float8_e4m3fn | torch.float32 | 0.5157 | 0.0000 | 0.0018 | cuda-events |
| 32 | 8 | 3072 | 6 | 256 | 128 | True | torch.float8_e4m3fn | torch.int32 | 0.5292 | 0.0000 | 0.0017 | cuda-events |
